[www.virtualthreads.io/_next/static/media/62c97acc3aa63787-s.pfaa1.woff2]
[www.virtualthreads.io/_next/static/media/6e50af2f4c313e23-s.pfaa1.woff2]
[www.virtualthreads.io/_next/static/chunks/webpack-e795098076fd5337faa1.js]
[www.virtualthreads.io/_next/static/chunks/4bd1b696-c2f6e0877b6c10aafaa1.js]
[www.virtualthreads.io/_next/static/chunks/3794-ba09b09c86e3816efaa1.js]
[www.virtualthreads.io/_next/static/chunks/main-app-d4b7f8551ba95e13faa1.js]
[www.virtualthreads.io/_next/static/chunks/9092-047417b20e4017e5faa1.js]
[www.virtualthreads.io/_next/static/chunks/6206-220dba8a7dd0f64afaa1.js]
[www.virtualthreads.io/_next/static/chunks/9538-9c2c5dc2bd7b8989faa1.js]
[www.virtualthreads.io/_next/static/chunks/7608-96f1584526f3f45efaa1.js]
[www.virtualthreads.io/_next/static/chunks/app/layout-1d5a2d385d5ff2cefaa1.js]
[www.virtualthreads.io/_next/static/chunks/8500-fd2dcfc09a359754faa1.js]
[www.virtualthreads.io/_next/static/chunks/app/error-24a383e6b4b611f5faa1.js]
[www.virtualthreads.io/_next/static/chunks/dc112a36-45ab09fcedbcfbe0faa1.js]
[www.virtualthreads.io/_next/static/chunks/94730671-dbc81860baa06b72faa1.js]
[www.virtualthreads.io/_next/static/chunks/8437-9782e6caf7aa52dafaa1.js]
[www.virtualthreads.io/_next/static/chunks/475-9cc407da0f65b0e3faa1.js]
[www.virtualthreads.io/_next/static/chunks/9866-2a12cf7f47cfb7dcfaa1.js]
[www.virtualthreads.io/_next/static/chunks/2310-d2bf6d5162d63133faa1.js]
[www.virtualthreads.io/_next/static/chunks/5648-c48313de6308a592faa1.js]
[www.virtualthreads.io/_next/static/chunks/5293-b1596b713dcddb81faa1.js]
[www.virtualthreads.io/_next/static/chunks/app/page-93f07315d4ac75eafaa1.js]
[www.virtualthreads.io/_next/static/chunks/app/not-found-05c50234cc1e672afaa1.js]
[backblue.gif]
[fade.gif]
[index.html]
[www.virtualthreads.io/_next/static/chunks/app/configurator/page-d733693797d94370faa1.js]
[www.virtualthreads.io/icon2dfb.png]
[www.virtualthreads.io/apple-icon725f.png]
[www.virtualthreads.io/_next/static/chunks/polyfills-42372ed130431b0afaa1.js]
[www.virtualthreads.io/configurator.html]
[www.virtualthreads.io/_next/static/css/f4c0dd8967506171faa1.css]
[www.virtualthreads.io/_next/static/css/2214abdc9f5a658dfaa1.css]
[www.virtualthreads.io/static/chunks/404faa1]
[www.virtualthreads.io/static/chunks/404faa1-2]
[www.virtualthreads.io/static/chunks/404faa1-3]
[www.virtualthreads.io/static/chunks/404faa1-4]
[www.virtualthreads.io/static/chunks/404faa1-5]
[www.virtualthreads.io/static/chunks/404faa1-6]
[www.virtualthreads.io/static/chunks/404faa1-7]
[www.virtualthreads.io/static/chunks/404faa1-8]
[www.virtualthreads.io/static/chunks/404faa1-9]
[www.virtualthreads.io/static/chunks/404faa1-10]
[www.virtualthreads.io/static/chunks/404faa1-11]
[www.virtualthreads.io/static/chunks/404faa1-12]
[www.virtualthreads.io/static/chunks/404faa1-13]
